Compile Report
Microchip Technology Inc. - Microchip Libero Software Release v2024.1 (Version 2024.1.0.3)
Date: Wed May 15 20:44:34 2024

Device Selection
+------------------------+--------------+
| Family                 | PolarFireSoC |
| Device                 | MPFS025T     |
| Package                | FCVG484      |
| Speed Grade            | STD          |
| Core Voltage           | 1.0V         |
| Part Range             | EXT          |
| Default I/O technology | LVCMOS 1.8V  |
+------------------------+--------------+

Source Files
+---------+-----------------------------------------------------------------------------------------------+
| Topcell | MPFS_eNVM_test                                                                                |
| Format  | Verilog                                                                                       |
| Source  | Z:\Projects\PolarfireSoC_baremetal\Libero\000_MPFS_eNVM\MPFS_eNVM\synthesis\MPFS_eNVM_test.vm |
+---------+-----------------------------------------------------------------------------------------------+

Options
+----------------------------------------------------+----+
| Limit the number of high fanout nets to display to | 10 |
+----------------------------------------------------+----+

Resource Usage
+---------------------------+------+-------+------------+
| Type                      | Used | Total | Percentage |
+---------------------------+------+-------+------------+
| 4LUT                      | 0    | 22956 | 0.00       |
| DFF                       | 0    | 22956 | 0.00       |
| I/O Register              | 0    | 324   | 0.00       |
| User I/O                  | 1    | 108   | 0.93       |
| -- Single-ended I/O       | 1    | 108   | 0.93       |
| -- Differential I/O Pairs | 0    | 54    | 0.00       |
| uSRAM                     | 0    | 204   | 0.00       |
| LSRAM                     | 0    | 84    | 0.00       |
| Math                      | 0    | 68    | 0.00       |
| H-Chip Global             | 0    | 24    | 0.00       |
| PLL                       | 0    | 8     | 0.00       |
| DLL                       | 0    | 8     | 0.00       |
| BANKCTRL                  | 1    | 4     | 25.00      |
| INIT                      | 1    | 1     | 100.00     |
| Transceiver Lanes         | 0    | 4     | 0.00       |
| Transceiver PCIe          | 0    | 2     | 0.00       |
| MSS                       | 1    | 1     | 100.00     |
| MSS I/O                   | 2    | 136   | 1.47       |
+---------------------------+------+-------+------------+

Detailed Logic Resource Usage
+-----------------------+------+-----+
| Type                  | 4LUT | DFF |
+-----------------------+------+-----+
| Fabric Logic          | 0    | 0   |
| uSRAM Interface Logic | 0    | 0   |
| LSRAM Interface Logic | 0    | 0   |
| Math Interface Logic  | 0    | 0   |
| Total Used            | 0    | 0   |
+-----------------------+------+-----+

I/O Function
+-------------------------------+--------------+-------------+-----------------+
| Type                          | w/o register | w/ register | w/ DDR register |
+-------------------------------+--------------+-------------+-----------------+
| Input I/O                     | 0            | 0           | 0               |
| Output I/O                    | 1            | 0           | 0               |
| Bidirectional I/O             | 0            | 0           | 0               |
| Differential Input I/O Pairs  | 0            | 0           | 0               |
| Differential Output I/O Pairs | 0            | 0           | 0               |
+-------------------------------+--------------+-------------+-----------------+

Nets assigned to chip global resources
+--------+------+------+
| Fanout | Type | Name |
+--------+------+------+
+--------+------+------+

Nets assigned to row global resources
+--------+------+------+
| Fanout | Type | Name |
+--------+------+------+
+--------+------+------+

High fanout nets
+--------+---------+----------------------------------------------------------------+
| Fanout | Type    | Name                                                           |
+--------+---------+----------------------------------------------------------------+
| 1      | INT_NET | Net   : PFSOC_INIT_MONITOR_C1_0_DEVICE_INIT_DONE               |
|        |         | Driver: PFSOC_INIT_MONITOR_C1_0/PFSOC_INIT_MONITOR_C1_0/I_INIT |
| 1      | INT_NET | Net   : LED_c                                                  |
|        |         | Driver: MSS_barebones_0/I_MSS                                  |
+--------+---------+----------------------------------------------------------------+

High fanout nets (through buffer trees)
+--------+---------+----------------------------------------------------------------+
| Fanout | Type    | Name                                                           |
+--------+---------+----------------------------------------------------------------+
| 1      | INT_NET | Net   : PFSOC_INIT_MONITOR_C1_0_DEVICE_INIT_DONE               |
|        |         | Driver: PFSOC_INIT_MONITOR_C1_0/PFSOC_INIT_MONITOR_C1_0/I_INIT |
| 1      | INT_NET | Net   : LED_c                                                  |
|        |         | Driver: MSS_barebones_0/I_MSS                                  |
+--------+---------+----------------------------------------------------------------+

