----------------------------------------------------------------
-Pin Report - Date: Wed May 15 20:47:38 2024 Pinchecksum: NOT-AVAILABLE
-Product: Designer
-Release: v2024.1
-Version: 2024.1.0.3
-Design Name: MPFS_eNVM_test
-Family: PolarFireSoC
-Die: MPFS025T
-Package: FCVG484
-----------------------------------------------------------------

Port     |Pin |Fixed |Function        |Bank     |I/O Std   |Direction    |Used I/O Reg       |User I/O Lock Down |Clamp Diode   |Resistor Pull                     |Use I/O Calibration from the lane |Schmitt Trigger |Vcm Input Range    |On Die Termination |Odt Value (Ohm) |Input Delay |Slew              |Output Drive (mA) |Impedance (ohm)  |Output Load (pF)         |Source Termination (Ohm) |Output Delay      |MSS Resistor Pull |MSS Clamp Diode |MSS Persist            |MSS User I/O Lock Down |MSS Odt (Ohm)      |MSS Thevenin (Ohm)  |MSS Schmitt Trigger |MSS Vcm Input Range               |MSS Low Power Mode Input Receiver |MSS Low Power Mode Output Buffer |MSS Output Drive (mA)        |MSS Source Termination (Ohm) |
---------|----|------|----------------|---------|----------|-------------|-------------------|-------------------|--------------|----------------------------------|----------------------------------|----------------|-------------------|-------------------|----------------|------------|------------------|------------------|-----------------|-------------------------|-------------------------|------------------|------------------|----------------|-----------------------|-----------------------|-------------------|--------------------|--------------------|----------------------------------|----------------------------------|---------------------------------|-----------------------------|-----------------------------|
LED       Y21  No     HSIO7NB0         Bank0     LVCMOS18   Output        None                No                  ON             None                               No                                 ---              ---                 ---                 120              ---          OFF                8                  ---               5                         ---                       OFF                
REFCLK    L7   Yes    MSS_REFCLK_IN_P  Bank5     LVDS25     Input         ---                 ---                 ---            ---                                ---                                ---              ---                 ---                 ---              ---          ---                ---                ---               ---                       ---                       ---                ---                ---              ---                     OFF                     100                 ---                  ---                  ---                                ---                                ---                               ---                           ---                           
REFCLK_N  L8   Yes    MSS_REFCLK_IN_N  Bank5     LVDS25     Input         ---                 ---                 ---            ---                                ---                                ---              ---                 ---                 ---              ---          ---                ---                ---               ---                       ---                       ---                ---                ---              ---                     OFF                     100                 ---                  ---                  ---                                ---                                ---                               ---                           ---                           
