----------------------------------------------------------------
-Pin Report - Date: Sat Jun 22 12:27:30 2024 Pinchecksum: NOT-AVAILABLE
-Product: Designer
-Release: v2024.1
-Version: 2024.1.0.3
-Design Name: blinky_sd
-Family: PolarFireSoC
-Die: MPFS025T
-Package: FCVG484
-----------------------------------------------------------------

Port     |Pin |Fixed |Function                                    |Bank     |I/O Std   |Direction    |Used I/O Reg       |User I/O Lock Down |Clamp Diode   |Resistor Pull                     |Use I/O Calibration from the lane |Schmitt Trigger |Vcm Input Range    |On Die Termination |Odt Value (Ohm) |Input Delay |Slew              |Output Drive (mA) |Impedance (ohm)  |Output Load (pF)         |Source Termination (Ohm) |Output Delay |
---------|----|------|--------------------------------------------|---------|----------|-------------|-------------------|-------------------|--------------|----------------------------------|----------------------------------|----------------|-------------------|-------------------|----------------|------------|------------------|------------------|-----------------|-------------------------|-------------------------|-------------|
LEDS[3]   V22  Yes    HSIO6NB0                                     Bank0     LVCMOS18   Output        None                No                  ON             None                               No                                 ---              ---                 ---                 120              ---          OFF                8                  ---               5                         ---                       OFF           
LEDS[4]   W22  Yes    HSIO6PB0/CCC_NE_CLKIN_N_11                   Bank0     LVCMOS18   Output        None                No                  ON             None                               No                                 ---              ---                 ---                 120              ---          OFF                8                  ---               5                         ---                       OFF           
LEDS[5]   V19  Yes    HSIO12NB0                                    Bank0     LVCMOS18   Output        None                No                  ON             None                               No                                 ---              ---                 ---                 120              ---          OFF                8                  ---               5                         ---                       OFF           
LEDS[6]   V20  Yes    HSIO12PB0/CLKIN_N_9/CCC_NE_CLKIN_N_9         Bank0     LVCMOS18   Output        None                No                  ON             None                               No                                 ---              ---                 ---                 120              ---          OFF                8                  ---               5                         ---                       OFF           
LEDS[7]   V15  Yes    HSIO30NB0                                    Bank0     LVCMOS18   Output        None                No                  ON             None                               No                                 ---              ---                 ---                 120              ---          OFF                8                  ---               5                         ---                       OFF           
LEDS[8]   V14  Yes    HSIO30PB0/CLKIN_N_3/CCC_NW_CLKIN_N_3         Bank0     LVCMOS18   Output        None                No                  ON             None                               No                                 ---              ---                 ---                 120              ---          OFF                8                  ---               5                         ---                       OFF           
LEDS[9]   V21  Yes    HSIO8NB0                                     Bank0     LVCMOS18   Output        None                No                  ON             None                               No                                 ---              ---                 ---                 120              ---          OFF                8                  ---               5                         ---                       OFF           
LEDS[10]  W21  Yes    HSIO8PB0/CCC_NE_CLKIN_N_10/CCC_NE_PLL0_OUT0  Bank0     LVCMOS18   Output        None                No                  ON             None                               No                                 ---              ---                 ---                 120              ---          OFF                8                  ---               5                         ---                       OFF           
LEDS[11]  Y21  Yes    HSIO7NB0                                     Bank0     LVCMOS18   Output        None                No                  ON             None                               No                                 ---              ---                 ---                 120              ---          OFF                8                  ---               5                         ---                       OFF           
LEDS[12]  Y20  Yes    HSIO7PB0/CCC_NE_PLL0_OUT1                    Bank0     LVCMOS18   Output        None                No                  ON             None                               No                                 ---              ---                 ---                 120              ---          OFF                8                  ---               5                         ---                       OFF           
LEDS[13]  B10  Yes    GPIO47PB1                                    Bank1     LVCMOS18   Output        None                No                  ON             None                               No                                 ---              ---                 ---                 120              ---          OFF                8                  ---               5                         ---                       OFF           
LEDS[14]  B9   Yes    GPIO47NB1                                    Bank1     LVCMOS18   Output        None                No                  ON             None                               No                                 ---              ---                 ---                 120              ---          OFF                8                  ---               5                         ---                       OFF           
