----------------------------------------------------------------
-Pin Report - Date: Fri Jun 21 21:12:55 2024 Pinchecksum: NOT-AVAILABLE
-Product: Designer
-Release: v2024.1
-Version: 2024.1.0.3
-Design Name: blinky_sd
-Family: PolarFireSoC
-Die: MPFS025T
-Package: FCVG484
-----------------------------------------------------------------

Port     |Pin  |Fixed |Function                                    |Bank     |I/O Std   |Direction    |Used I/O Reg       |User I/O Lock Down |Clamp Diode   |Resistor Pull                     |Use I/O Calibration from the lane |Schmitt Trigger |Vcm Input Range    |On Die Termination |Odt Value (Ohm) |Input Delay |Slew              |Output Drive (mA) |Impedance (ohm)  |Output Load (pF)         |Source Termination (Ohm) |Output Delay      |MSS Resistor Pull |MSS Clamp Diode |MSS Persist            |MSS User I/O Lock Down |MSS Odt (Ohm)      |MSS Thevenin (Ohm)  |MSS Schmitt Trigger |MSS Vcm Input Range               |MSS Low Power Mode Input Receiver |MSS Low Power Mode Output Buffer |MSS Output Drive (mA)        |MSS Source Termination (Ohm) |
---------|-----|------|--------------------------------------------|---------|----------|-------------|-------------------|-------------------|--------------|----------------------------------|----------------------------------|----------------|-------------------|-------------------|----------------|------------|------------------|------------------|-----------------|-------------------------|-------------------------|------------------|------------------|----------------|-----------------------|-----------------------|-------------------|--------------------|--------------------|----------------------------------|----------------------------------|---------------------------------|-----------------------------|-----------------------------|
LEDS[3]   V22   Yes    HSIO6NB0                                     Bank0     LVCMOS18   Output        None                No                  ON             None                               No                                 ---              ---                 ---                 120              ---          OFF                8                  ---               5                         ---                       OFF                
LEDS[4]   W22   Yes    HSIO6PB0/CCC_NE_CLKIN_N_11                   Bank0     LVCMOS18   Output        None                No                  ON             None                               No                                 ---              ---                 ---                 120              ---          OFF                8                  ---               5                         ---                       OFF                
LEDS[5]   V19   Yes    HSIO12NB0                                    Bank0     LVCMOS18   Output        None                No                  ON             None                               No                                 ---              ---                 ---                 120              ---          OFF                8                  ---               5                         ---                       OFF                
LEDS[6]   V20   Yes    HSIO12PB0/CLKIN_N_9/CCC_NE_CLKIN_N_9         Bank0     LVCMOS18   Output        None                No                  ON             None                               No                                 ---              ---                 ---                 120              ---          OFF                8                  ---               5                         ---                       OFF                
LEDS[7]   V15   Yes    HSIO30NB0                                    Bank0     LVCMOS18   Output        None                No                  ON             None                               No                                 ---              ---                 ---                 120              ---          OFF                8                  ---               5                         ---                       OFF                
LEDS[8]   V14   Yes    HSIO30PB0/CLKIN_N_3/CCC_NW_CLKIN_N_3         Bank0     LVCMOS18   Output        None                No                  ON             None                               No                                 ---              ---                 ---                 120              ---          OFF                8                  ---               5                         ---                       OFF                
LEDS[9]   V21   Yes    HSIO8NB0                                     Bank0     LVCMOS18   Output        None                No                  ON             None                               No                                 ---              ---                 ---                 120              ---          OFF                8                  ---               5                         ---                       OFF                
LEDS[10]  W21   Yes    HSIO8PB0/CCC_NE_CLKIN_N_10/CCC_NE_PLL0_OUT0  Bank0     LVCMOS18   Output        None                No                  ON             None                               No                                 ---              ---                 ---                 120              ---          OFF                8                  ---               5                         ---                       OFF                
LEDS[11]  Y21   Yes    HSIO7NB0                                     Bank0     LVCMOS18   Output        None                No                  ON             None                               No                                 ---              ---                 ---                 120              ---          OFF                8                  ---               5                         ---                       OFF                
LEDS[12]  Y20   Yes    HSIO7PB0/CCC_NE_PLL0_OUT1                    Bank0     LVCMOS18   Output        None                No                  ON             None                               No                                 ---              ---                 ---                 120              ---          OFF                8                  ---               5                         ---                       OFF                
LEDS[13]  B10   Yes    GPIO47PB1                                    Bank1     LVCMOS18   Output        None                No                  ON             None                               No                                 ---              ---                 ---                 120              ---          OFF                8                  ---               5                         ---                       OFF                
LEDS[14]  B9    Yes    GPIO47NB1                                    Bank1     LVCMOS18   Output        None                No                  ON             None                               No                                 ---              ---                 ---                 120              ---          OFF                8                  ---               5                         ---                       OFF                
REFCLK    L7    Yes    MSS_REFCLK_IN_P                              Bank5     LVDS25     Input         ---                 ---                 ---            ---                                ---                                ---              ---                 ---                 ---              ---          ---                ---                ---               ---                       ---                       ---                ---                ---              ---                     OFF                     100                 ---                  ---                  ---                                ---                                ---                               ---                           ---                           
REFCLK_N  L8    Yes    MSS_REFCLK_IN_N                              Bank5     LVDS25     Input         ---                 ---                 ---            ---                                ---                                ---              ---                 ---                 ---              ---          ---                ---                ---               ---                       ---                       ---                ---                ---              ---                     OFF                     100                 ---                  ---                  ---                                ---                                ---                               ---                           ---                           
TCK       W13   Yes    HSIO29PB0                                    Bank0     LVCMOS18   Input         None                No                  ON             Up                                 No                                 OFF              ---                 OFF                 120              OFF          ---                ---                ---               ---                       ---                       ---                
TDI       AA21  Yes    HSIO9PB0/DQS/CCC_NE_PLL0_OUT0                Bank0     LVCMOS18   Input         None                No                  ON             Up                                 No                                 OFF              ---                 OFF                 120              OFF          ---                ---                ---               ---                       ---                       ---                
TDO       W18   Yes    HSIO19NB0                                    Bank0     LVCMOS18   Output        None                No                  ON             None                               No                                 ---              ---                 ---                 120              ---          OFF                8                  ---               5                         ---                       OFF                
TDO_OE    AA22  No     HSIO9NB0/DQS                                 Bank0     LVCMOS18   Output        None                No                  ON             None                               No                                 ---              ---                 ---                 120              ---          OFF                8                  ---               5                         ---                       OFF                
TMS       T12   Yes    HSIO34NB0                                    Bank0     LVCMOS18   Input         None                No                  ON             Up                                 No                                 OFF              ---                 OFF                 120              OFF          ---                ---                ---               ---                       ---                       ---                
TRSTB     AB18  Yes    HSIO18PB0/CLKIN_N_7                          Bank0     LVCMOS18   Input         None                No                  ON             Up                                 No                                 OFF              ---                 OFF                 120              OFF          ---                ---                ---               ---                       ---                       ---                
